
> arc-raiders-guide@0.0.0 build
> tsc -b && vite build

[36mvite v8.0.1 [32mbuilding client environment for production...[36m[39m
[2K
transforming...Ô£ô 1784 modules transformed.
rendering chunks...
computing gzip size...
dist/index.html                   1.07 kB Ôöé gzip:   0.55 kB
dist/assets/index-DgTpthrT.css   51.72 kB Ôöé gzip:   9.11 kB
dist/assets/index-C-EuYSfv.js   446.29 kB Ôöé gzip: 134.66 kB

[32mÔ£ô built in 578ms[39m
